ASxxxx Linker V03.00 + NoICE + sdld,  page 1.
Hexadecimal  [32-Bits]

Area                                    Addr        Size        Decimal Bytes (Attributes)
--------------------------------        ----        ----        ------- ----- ------------
.  .ABS.                            00000000    00000000 =           0. bytes (ABS,CON)

      Value  Global                              Global Defined In Module
      -----  --------------------------------   ------------------------
     00000000  .__.ABS.                           SMSlib_PSGaiden
     00000000  l__BSEG                         
     00000000  l__BSS                          
     00000000  l__CABS                         
     00000000  l__DABS                         
     00000000  l__HEADER                       
     00000000  l__HEAP                         
     00000000  l__HOME                         
     00000000  s__CABS                         
     00000000  s__CABS0                        
     00000000  s__CABS1                        
     00000000  s__CABS2                        
     00000000  s__CABS3                        
     00000000  s__CABS4                        
     00000000  s__DABS                         
     00000000  s__HEADER                       
     00000000  s__HEADER0                      
     00000000  s__HEADER1                      
     00000000  s__HEADER2                      
     00000000  s__HEADER3                      
     00000000  s__HEADER4                      
     00000000  s__HEADER5                      
     00000001  l__GSFINAL                      
     00000003  l__HEADER3                      
     00000003  l__HEADER4                      
     00000006  l__HEADER0                      
     00000009  l__HEADER1                      
     0000000A  l__CABS2                        
     0000000A  l__HEADER2                      
     0000000E  l__CABS1                        
     0000000F  l__GSINIT                       
     00000010  l__CABS0                        
     00000010  l__CABS4                        
     0000003C  l__CABS3                        
     00000068  l__INITIALIZED                  
     00000068  l__INITIALIZER                  
     000000BE  G$VDPDataPort$0$0                  asm_manager
     000000BF  G$VDPControlPort$0$0               asm_manager
     0000012A  l__HEADER5                      
     00000145  l__DATA                         
     00000200  s__CODE                         
     00000880  l__BANK2                        
     00000F53  l__BANK8                        
     00001261  l__BANK5                        
     0000190A  l__BANK11                       
     00001BD0  l__BANK6                        
     00001C3A  l__BANK14                       
     00001E2B  l__CODE                         
     00001E61  l__BANK4                        
     0000202B  s__HOME                         
ASxxxx Linker V03.00 + NoICE + sdld,  page 2.
Hexadecimal  [32-Bits]

Area                                    Addr        Size        Decimal Bytes (Attributes)
--------------------------------        ----        ----        ------- ----- ------------
.  .ABS.                            00000000    00000000 =           0. bytes (ABS,CON)

      Value  Global                              Global Defined In Module
      -----  --------------------------------   ------------------------
     0000202B  s__INITIALIZER                  
     00002093  s__GSINIT                       
     000020A2  s__GSFINAL                      
     00002145  l__BANK9                        
     000024E4  l__BANK10                       
     00002508  l__BANK15                       
     00002587  l__BANK3                        
     0000264E  l__BANK13                       
     00002ED8  l__BANK7                        
     00003021  l__BANK12                       
     00008000  G$SMS_SRAM$0$0                     _sms_manager
     00008000  _SMS_SRAM                          SMSlib_PSGaiden
     00008000  s__BANK10                       
     00008000  s__BANK11                       
     00008000  s__BANK12                       
     00008000  s__BANK13                       
     00008000  s__BANK14                       
     00008000  s__BANK15                       
     00008000  s__BANK2                        
     00008000  s__BANK3                        
     00008000  s__BANK4                        
     00008000  s__BANK5                        
     00008000  s__BANK6                        
     00008000  s__BANK7                        
     00008000  s__BANK8                        
     00008000  s__BANK9                        
     0000C000  s__DATA                         
     0000C145  s__INITIALIZED                  
     0000C1AD  s__BSEG                         
     0000C1AD  s__BSS                          
     0000C1AD  s__HEAP                         
     0000FFFC  G$SRAM_bank_to_be_mapped_on_slot   _sms_manager
     0000FFFC  _SRAM_bank_to_be_mapped_on_slot2   SMSlib_PSGaiden
     0000FFFF  G$ROM_bank_to_be_mapped_on_slot2   _sms_manager
     0000FFFF  _ROM_bank_to_be_mapped_on_slot2    SMSlib_PSGaiden

ASxxxx Linker V03.00 + NoICE + sdld,  page 3.
Hexadecimal  [32-Bits]

Area                                    Addr        Size        Decimal Bytes (Attributes)
--------------------------------        ----        ----        ------- ----- ------------
_CODE                               00000200    00001E2B =        7723. bytes (REL,CON)

      Value  Global                              Global Defined In Module
      -----  --------------------------------   ------------------------
     00000200  __clock                            crt0
     00000204  _exit                              crt0
     0000020A  A$main$83                          main
     0000020A  C$main.c$3$0$0                     main
     0000020A  C$main.c$9$1$55                    main
     0000020A  G$main$0$0                         main
     0000020A  _main                              main
     0000020D  A$main$87                          main
     0000020D  C$main.c$10$1$55                   main
     00000210  A$main$91                          main
     00000210  C$main.c$11$1$55                   main
     00000213  A$main$95                          main
     00000213  C$main.c$13$1$55                   main
     00000216  A$main$96                          main
     00000217  A$main$97                          main
     00000218  A$main$98                          main
     00000219  A$main$99                          main
     0000021C  A$main$100                         main
     0000021D  A$main$104                         main
     0000021D  C$main.c$14$1$55                   main
     00000220  A$main$108                         main
     00000220  C$main.c$15$1$55                   main
     00000223  A$main$109                         main
     00000224  A$main$110                         main
     00000227  A$main$111                         main
     00000228  A$main$115                         main
     00000228  C$main.c$17$1$55                   main
     0000022B  A$main$119                         main
     0000022B  C$main.c$18$1$55                   main
     0000022E  A$main$123                         main
     0000022E  C$main.c$22$1$55                   main
     00000231  A$main$127                         main
     00000231  C$main.c$23$1$55                   main
     00000233  A$main$128                         main
     00000234  A$main$129                         main
     00000235  A$main$130                         main
     00000238  A$main$131                         main
     00000239  A$main$135                         main
     00000239  C$main.c$24$1$55                   main
     0000023C  A$main$140                         main
     0000023C  C$main.c$27$3$57                   main
     0000023F  A$main$141                         main
     00000240  A$main$142                         main
     00000241  A$main$143                         main
     00000243  A$main$147                         main
     00000243  C$main.c$29$4$58                   main
     00000246  A$main$151                         main
     00000246  C$main.c$30$4$58                   main
     0000024A  A$main$152                         main
     0000024D  A$main$153                         main
ASxxxx Linker V03.00 + NoICE + sdld,  page 4.
Hexadecimal  [32-Bits]

Area                                    Addr        Size        Decimal Bytes (Attributes)
--------------------------------        ----        ----        ------- ----- ------------
_CODE                               00000200    00001E2B =        7723. bytes (REL,CON)

      Value  Global                              Global Defined In Module
      -----  --------------------------------   ------------------------
     0000024F  A$main$154                         main
     00000252  A$main$158                         main
     00000252  C$main.c$31$4$58                   main
     00000256  A$main$159                         main
     00000258  A$main$163                         main
     00000258  C$main.c$33$5$59                   main
     0000025B  A$main$164                         main
     0000025D  A$main$169                         main
     0000025D  C$main.c$37$5$60                   main
     00000260  A$main$174                         main
     00000260  C$main.c$41$3$57                   main
     00000263  A$main$175                         main
     00000265  A$main$176                         main
     00000267  A$main$180                         main
     00000267  C$main.c$46$3$57                   main
     0000026A  A$main$184                         main
     0000026A  C$main.c$47$3$57                   main
     0000026D  A$main$188                         main
     0000026D  C$main.c$48$3$57                   main
     00000270  A$main$192                         main
     00000270  C$main.c$50$3$57                   main
     00000273  A$main$196                         main
     00000273  C$main.c$51$3$57                   main
     00000276  A$main$200                         main
     00000276  C$main.c$52$3$57                   main
     00000279  A$main$204                         main
     00000279  C$main.c$54$3$57                   main
     0000027C  A$main$208                         main
     0000027C  C$main.c$55$3$57                   main
     0000027F  A$main$213                         main
     0000027F  C$main.c$57$2$56                   main
     0000027F  XG$main$0$0                        main
     00000281  _PSGStop                           PSGlib
     000002A8  _PSGResume                         PSGlib
     000002F4  _PSGPlay                           PSGlib
     00000321  _PSGCancelLoop                     PSGlib
     00000327  _PSGPlayNoRepeat                   PSGlib
     00000336  _PSGGetStatus                      PSGlib
     0000033E  _PSGSilenceChannels                PSGlib
     0000034F  _PSGRestoreVolumes                 PSGlib
     0000044E  _PSGSetMusicVolumeAttenuation      PSGlib
     0000053D  _PSGSFXStop                        PSGlib
     00000607  _PSGSFXPlay                        PSGlib
     00000654  _PSGSFXCancelLoop                  PSGlib
     0000065A  _PSGSFXGetStatus                   PSGlib
     00000662  _PSGSFXPlayLoop                    PSGlib
     00000683  _PSGFrame                          PSGlib
     0000079C  _PSGSFXFrame                       PSGlib
     00000822  A$_sms_manager$132                 _sms_manager
     00000822  C$_sms_manager.c$11$0$0            _sms_manager
     00000822  C$_sms_manager.c$13$1$74           _sms_manager
ASxxxx Linker V03.00 + NoICE + sdld,  page 5.
Hexadecimal  [32-Bits]

Area                                    Addr        Size        Decimal Bytes (Attributes)
--------------------------------        ----        ----        ------- ----- ------------
_CODE                               00000200    00001E2B =        7723. bytes (REL,CON)

      Value  Global                              Global Defined In Module
      -----  --------------------------------   ------------------------
     00000822  C$_sms_manager.c$14$1$74           _sms_manager
     00000822  G$devkit_SMS_init$0$0              _sms_manager
     00000822  XG$devkit_SMS_init$0$0             _sms_manager
     00000822  _devkit_SMS_init                   _sms_manager
     00000825  A$_sms_manager$145                 _sms_manager
     00000825  C$_sms_manager.c$15$1$74           _sms_manager
     00000825  C$_sms_manager.c$17$1$75           _sms_manager
     00000825  G$devkit_SMS_displayOn$0$0         _sms_manager
     00000825  _devkit_SMS_displayOn              _sms_manager
     00000828  A$_sms_manager$150                 _sms_manager
     00000828  C$_sms_manager.c$18$1$75           _sms_manager
     00000828  XG$devkit_SMS_displayOn$0$0        _sms_manager
     0000082B  A$_sms_manager$163                 _sms_manager
     0000082B  C$_sms_manager.c$19$1$75           _sms_manager
     0000082B  C$_sms_manager.c$21$1$76           _sms_manager
     0000082B  G$devkit_SMS_displayOff$0$0        _sms_manager
     0000082B  _devkit_SMS_displayOff             _sms_manager
     0000082E  A$_sms_manager$168                 _sms_manager
     0000082E  C$_sms_manager.c$22$1$76           _sms_manager
     0000082E  XG$devkit_SMS_displayOff$0$0       _sms_manager
     00000831  A$_sms_manager$181                 _sms_manager
     00000831  C$_sms_manager.c$23$1$76           _sms_manager
     00000831  C$_sms_manager.c$25$1$78           _sms_manager
     00000831  G$devkit_SMS_mapROMBank$0$0        _sms_manager
     00000831  _devkit_SMS_mapROMBank             _sms_manager
     00000834  A$_sms_manager$182                 _sms_manager
     00000835  A$_sms_manager$183                 _sms_manager
     00000836  A$_sms_manager$184                 _sms_manager
     00000839  A$_sms_manager$189                 _sms_manager
     00000839  C$_sms_manager.c$26$1$78           _sms_manager
     00000839  XG$devkit_SMS_mapROMBank$0$0       _sms_manager
     0000083A  A$_sms_manager$202                 _sms_manager
     0000083A  C$_sms_manager.c$28$1$78           _sms_manager
     0000083A  C$_sms_manager.c$30$1$80           _sms_manager
     0000083A  G$devkit_SMS_setBGScrollX$0$0      _sms_manager
     0000083A  _devkit_SMS_setBGScrollX           _sms_manager
     0000083E  A$_sms_manager$203                 _sms_manager
     00000840  A$_sms_manager$204                 _sms_manager
     00000843  A$_sms_manager$209                 _sms_manager
     00000843  C$_sms_manager.c$31$1$80           _sms_manager
     00000843  XG$devkit_SMS_setBGScrollX$0$0     _sms_manager
     00000846  A$_sms_manager$222                 _sms_manager
     00000846  C$_sms_manager.c$32$1$80           _sms_manager
     00000846  C$_sms_manager.c$34$1$82           _sms_manager
     00000846  G$devkit_SMS_setBGScrollY$0$0      _sms_manager
     00000846  _devkit_SMS_setBGScrollY           _sms_manager
     0000084A  A$_sms_manager$223                 _sms_manager
     0000084C  A$_sms_manager$224                 _sms_manager
     0000084F  A$_sms_manager$229                 _sms_manager
     0000084F  C$_sms_manager.c$35$1$82           _sms_manager
     0000084F  XG$devkit_SMS_setBGScrollY$0$0     _sms_manager
ASxxxx Linker V03.00 + NoICE + sdld,  page 6.
Hexadecimal  [32-Bits]

Area                                    Addr        Size        Decimal Bytes (Attributes)
--------------------------------        ----        ----        ------- ----- ------------
_CODE                               00000200    00001E2B =        7723. bytes (REL,CON)

      Value  Global                              Global Defined In Module
      -----  --------------------------------   ------------------------
     00000852  A$_sms_manager$242                 _sms_manager
     00000852  C$_sms_manager.c$37$1$82           _sms_manager
     00000852  C$_sms_manager.c$39$1$83           _sms_manager
     00000852  G$devkit_SMS_enableSRAM$0$0        _sms_manager
     00000852  _devkit_SMS_enableSRAM             _sms_manager
     00000855  A$_sms_manager$243                 _sms_manager
     00000857  A$_sms_manager$248                 _sms_manager
     00000857  C$_sms_manager.c$40$1$83           _sms_manager
     00000857  XG$devkit_SMS_enableSRAM$0$0       _sms_manager
     00000858  A$_sms_manager$261                 _sms_manager
     00000858  C$_sms_manager.c$41$1$83           _sms_manager
     00000858  C$_sms_manager.c$43$1$85           _sms_manager
     00000858  G$devkit_SMS_enableSRAMBank$0$0    _sms_manager
     00000858  _devkit_SMS_enableSRAMBank         _sms_manager
     0000085B  A$_sms_manager$262                 _sms_manager
     0000085C  A$_sms_manager$263                 _sms_manager
     0000085D  A$_sms_manager$264                 _sms_manager
     0000085E  A$_sms_manager$265                 _sms_manager
     0000085F  A$_sms_manager$266                 _sms_manager
     00000861  A$_sms_manager$267                 _sms_manager
     00000863  A$_sms_manager$268                 _sms_manager
     00000866  A$_sms_manager$273                 _sms_manager
     00000866  C$_sms_manager.c$44$1$85           _sms_manager
     00000866  XG$devkit_SMS_enableSRAMBank$0$0   _sms_manager
     00000867  A$_sms_manager$286                 _sms_manager
     00000867  C$_sms_manager.c$45$1$85           _sms_manager
     00000867  C$_sms_manager.c$47$1$86           _sms_manager
     00000867  G$devkit_SMS_disableSRAM$0$0       _sms_manager
     00000867  _devkit_SMS_disableSRAM            _sms_manager
     0000086A  A$_sms_manager$287                 _sms_manager
     0000086C  A$_sms_manager$292                 _sms_manager
     0000086C  C$_sms_manager.c$48$1$86           _sms_manager
     0000086C  XG$devkit_SMS_disableSRAM$0$0      _sms_manager
     0000086D  A$_sms_manager$305                 _sms_manager
     0000086D  C$_sms_manager.c$49$1$86           _sms_manager
     0000086D  C$_sms_manager.c$51$1$87           _sms_manager
     0000086D  G$devkit_SMS_SRAM$0$0              _sms_manager
     0000086D  _devkit_SMS_SRAM                   _sms_manager
     00000870  A$_sms_manager$310                 _sms_manager
     00000870  C$_sms_manager.c$52$1$87           _sms_manager
     00000870  XG$devkit_SMS_SRAM$0$0             _sms_manager
     00000871  A$_sms_manager$323                 _sms_manager
     00000871  C$_sms_manager.c$55$1$87           _sms_manager
     00000871  C$_sms_manager.c$57$1$89           _sms_manager
     00000871  G$devkit_SMS_setSpriteMode$0$0     _sms_manager
     00000871  _devkit_SMS_setSpriteMode          _sms_manager
     00000875  A$_sms_manager$324                 _sms_manager
     00000877  A$_sms_manager$325                 _sms_manager
     0000087A  A$_sms_manager$330                 _sms_manager
     0000087A  C$_sms_manager.c$58$1$89           _sms_manager
     0000087A  XG$devkit_SMS_setSpriteMode$0$0    _sms_manager
ASxxxx Linker V03.00 + NoICE + sdld,  page 7.
Hexadecimal  [32-Bits]

Area                                    Addr        Size        Decimal Bytes (Attributes)
--------------------------------        ----        ----        ------- ----- ------------
_CODE                               00000200    00001E2B =        7723. bytes (REL,CON)

      Value  Global                              Global Defined In Module
      -----  --------------------------------   ------------------------
     0000087D  A$_sms_manager$343                 _sms_manager
     0000087D  C$_sms_manager.c$59$1$89           _sms_manager
     0000087D  C$_sms_manager.c$61$1$90           _sms_manager
     0000087D  G$devkit_SMS_useFirstHalfTilesfo   _sms_manager
     0000087D  _devkit_SMS_useFirstHalfTilesfor   _sms_manager
     0000087F  A$_sms_manager$348                 _sms_manager
     0000087F  C$_sms_manager.c$62$1$90           _sms_manager
     0000087F  XG$devkit_SMS_useFirstHalfTilesf   _sms_manager
     00000882  A$_sms_manager$361                 _sms_manager
     00000882  C$_sms_manager.c$63$1$90           _sms_manager
     00000882  C$_sms_manager.c$65$1$91           _sms_manager
     00000882  G$devkit_SMS_useFirstHalfTilesfo   _sms_manager
     00000882  _devkit_SMS_useFirstHalfTilesfor   _sms_manager
     00000884  A$_sms_manager$366                 _sms_manager
     00000884  C$_sms_manager.c$66$1$91           _sms_manager
     00000884  XG$devkit_SMS_useFirstHalfTilesf   _sms_manager
     00000887  A$_sms_manager$379                 _sms_manager
     00000887  C$_sms_manager.c$67$1$91           _sms_manager
     00000887  C$_sms_manager.c$69$1$93           _sms_manager
     00000887  G$devkit_SMS_VDPturnOnFeature$0$   _sms_manager
     00000887  _devkit_SMS_VDPturnOnFeature       _sms_manager
     00000888  A$_sms_manager$380                 _sms_manager
     00000889  A$_sms_manager$381                 _sms_manager
     0000088A  A$_sms_manager$382                 _sms_manager
     0000088B  A$_sms_manager$387                 _sms_manager
     0000088B  C$_sms_manager.c$70$1$93           _sms_manager
     0000088B  XG$devkit_SMS_VDPturnOnFeature$0   _sms_manager
     0000088E  A$_sms_manager$400                 _sms_manager
     0000088E  C$_sms_manager.c$72$1$93           _sms_manager
     0000088E  C$_sms_manager.c$74$1$95           _sms_manager
     0000088E  G$devkit_SMS_loadPSGaidencompres   _sms_manager
     0000088E  _devkit_SMS_loadPSGaidencompress   _sms_manager
     00000891  A$_sms_manager$401                 _sms_manager
     00000892  A$_sms_manager$402                 _sms_manager
     00000893  A$_sms_manager$403                 _sms_manager
     00000894  A$_sms_manager$404                 _sms_manager
     00000895  A$_sms_manager$405                 _sms_manager
     00000896  A$_sms_manager$406                 _sms_manager
     00000899  A$_sms_manager$407                 _sms_manager
     0000089A  A$_sms_manager$408                 _sms_manager
     0000089B  A$_sms_manager$409                 _sms_manager
     0000089C  A$_sms_manager$410                 _sms_manager
     0000089D  A$_sms_manager$411                 _sms_manager
     0000089E  A$_sms_manager$412                 _sms_manager
     000008A1  A$_sms_manager$413                 _sms_manager
     000008A2  A$_sms_manager$414                 _sms_manager
     000008A3  A$_sms_manager$419                 _sms_manager
     000008A3  C$_sms_manager.c$75$1$95           _sms_manager
     000008A3  XG$devkit_SMS_loadPSGaidencompre   _sms_manager
     000008A4  A$_sms_manager$432                 _sms_manager
     000008A4  C$_sms_manager.c$76$1$95           _sms_manager
ASxxxx Linker V03.00 + NoICE + sdld,  page 8.
Hexadecimal  [32-Bits]

Area                                    Addr        Size        Decimal Bytes (Attributes)
--------------------------------        ----        ----        ------- ----- ------------
_CODE                               00000200    00001E2B =        7723. bytes (REL,CON)

      Value  Global                              Global Defined In Module
      -----  --------------------------------   ------------------------
     000008A4  C$_sms_manager.c$78$1$97           _sms_manager
     000008A4  G$devkit_SMS_loadSTMcompressedTi   _sms_manager
     000008A4  _devkit_SMS_loadSTMcompressedTil   _sms_manager
     000008A6  A$_sms_manager$433                 _sms_manager
     000008A7  A$_sms_manager$434                 _sms_manager
     000008A8  A$_sms_manager$435                 _sms_manager
     000008AB  A$_sms_manager$436                 _sms_manager
     000008AC  A$_sms_manager$437                 _sms_manager
     000008AD  A$_sms_manager$438                 _sms_manager
     000008AE  A$_sms_manager$439                 _sms_manager
     000008AF  A$_sms_manager$440                 _sms_manager
     000008B0  A$_sms_manager$441                 _sms_manager
     000008B3  A$_sms_manager$442                 _sms_manager
     000008B4  A$_sms_manager$443                 _sms_manager
     000008B5  A$_sms_manager$444                 _sms_manager
     000008B6  A$_sms_manager$445                 _sms_manager
     000008B7  A$_sms_manager$446                 _sms_manager
     000008BA  A$_sms_manager$447                 _sms_manager
     000008BB  A$_sms_manager$448                 _sms_manager
     000008BC  A$_sms_manager$449                 _sms_manager
     000008BD  A$_sms_manager$450                 _sms_manager
     000008BE  A$_sms_manager$451                 _sms_manager
     000008C1  A$_sms_manager$452                 _sms_manager
     000008C2  A$_sms_manager$453                 _sms_manager
     000008C3  A$_sms_manager$454                 _sms_manager
     000008C4  A$_sms_manager$459                 _sms_manager
     000008C4  C$_sms_manager.c$79$1$97           _sms_manager
     000008C4  XG$devkit_SMS_loadSTMcompressedT   _sms_manager
     000008C5  A$_sms_manager$472                 _sms_manager
     000008C5  C$_sms_manager.c$81$1$97           _sms_manager
     000008C5  C$_sms_manager.c$83$1$99           _sms_manager
     000008C5  G$devkit_SMS_loadBGPalette$0$0     _sms_manager
     000008C5  _devkit_SMS_loadBGPalette          _sms_manager
     000008C6  A$_sms_manager$473                 _sms_manager
     000008C7  A$_sms_manager$474                 _sms_manager
     000008C8  A$_sms_manager$475                 _sms_manager
     000008C9  A$_sms_manager$480                 _sms_manager
     000008C9  C$_sms_manager.c$84$1$99           _sms_manager
     000008C9  XG$devkit_SMS_loadBGPalette$0$0    _sms_manager
     000008CC  A$_sms_manager$493                 _sms_manager
     000008CC  C$_sms_manager.c$85$1$99           _sms_manager
     000008CC  C$_sms_manager.c$87$1$101          _sms_manager
     000008CC  G$devkit_SMS_loadSpritePalette$0   _sms_manager
     000008CC  _devkit_SMS_loadSpritePalette      _sms_manager
     000008CD  A$_sms_manager$494                 _sms_manager
     000008CE  A$_sms_manager$495                 _sms_manager
     000008CF  A$_sms_manager$496                 _sms_manager
     000008D0  A$_sms_manager$501                 _sms_manager
     000008D0  C$_sms_manager.c$88$1$101          _sms_manager
     000008D0  XG$devkit_SMS_loadSpritePalette$   _sms_manager
     000008D3  A$_sms_manager$514                 _sms_manager
ASxxxx Linker V03.00 + NoICE + sdld,  page 9.
Hexadecimal  [32-Bits]

Area                                    Addr        Size        Decimal Bytes (Attributes)
--------------------------------        ----        ----        ------- ----- ------------
_CODE                               00000200    00001E2B =        7723. bytes (REL,CON)

      Value  Global                              Global Defined In Module
      -----  --------------------------------   ------------------------
     000008D3  C$_sms_manager.c$89$1$101          _sms_manager
     000008D3  C$_sms_manager.c$91$1$103          _sms_manager
     000008D3  G$devkit_SMS_setBGPaletteColor$0   _sms_manager
     000008D3  _devkit_SMS_setBGPaletteColor      _sms_manager
     000008D6  A$_sms_manager$515                 _sms_manager
     000008D7  A$_sms_manager$516                 _sms_manager
     000008D8  A$_sms_manager$517                 _sms_manager
     000008D9  A$_sms_manager$518                 _sms_manager
     000008DA  A$_sms_manager$519                 _sms_manager
     000008DD  A$_sms_manager$520                 _sms_manager
     000008DE  A$_sms_manager$521                 _sms_manager
     000008DF  A$_sms_manager$522                 _sms_manager
     000008E0  A$_sms_manager$523                 _sms_manager
     000008E3  A$_sms_manager$524                 _sms_manager
     000008E4  A$_sms_manager$525                 _sms_manager
     000008E5  A$_sms_manager$526                 _sms_manager
     000008E6  A$_sms_manager$527                 _sms_manager
     000008E7  A$_sms_manager$528                 _sms_manager
     000008E8  A$_sms_manager$529                 _sms_manager
     000008E9  A$_sms_manager$530                 _sms_manager
     000008EB  A$_sms_manager$531                 _sms_manager
     000008EC  A$_sms_manager$532                 _sms_manager
     000008ED  A$_sms_manager$536                 _sms_manager
     000008ED  C$_sms_manager.c$92$1$103          _sms_manager
     000008EE  A$_sms_manager$537                 _sms_manager
     000008EF  A$_sms_manager$538                 _sms_manager
     000008F2  A$_sms_manager$539                 _sms_manager
     000008F3  A$_sms_manager$540                 _sms_manager
     000008F4  A$_sms_manager$541                 _sms_manager
     000008F5  A$_sms_manager$542                 _sms_manager
     000008F6  A$_sms_manager$543                 _sms_manager
     000008F9  A$_sms_manager$544                 _sms_manager
     000008FA  A$_sms_manager$549                 _sms_manager
     000008FA  C$_sms_manager.c$93$1$103          _sms_manager
     000008FA  XG$devkit_SMS_setBGPaletteColor$   _sms_manager
     000008FB  A$_sms_manager$562                 _sms_manager
     000008FB  C$_sms_manager.c$94$1$103          _sms_manager
     000008FB  C$_sms_manager.c$96$1$105          _sms_manager
     000008FB  G$devkit_SMS_setSpritePaletteCol   _sms_manager
     000008FB  _devkit_SMS_setSpritePaletteColo   _sms_manager
     000008FE  A$_sms_manager$563                 _sms_manager
     000008FF  A$_sms_manager$564                 _sms_manager
     00000900  A$_sms_manager$565                 _sms_manager
     00000901  A$_sms_manager$566                 _sms_manager
     00000902  A$_sms_manager$567                 _sms_manager
     00000905  A$_sms_manager$568                 _sms_manager
     00000906  A$_sms_manager$569                 _sms_manager
     00000907  A$_sms_manager$570                 _sms_manager
     00000908  A$_sms_manager$571                 _sms_manager
     0000090B  A$_sms_manager$572                 _sms_manager
     0000090C  A$_sms_manager$573                 _sms_manager
ASxxxx Linker V03.00 + NoICE + sdld,  page 10.
Hexadecimal  [32-Bits]

Area                                    Addr        Size        Decimal Bytes (Attributes)
--------------------------------        ----        ----        ------- ----- ------------
_CODE                               00000200    00001E2B =        7723. bytes (REL,CON)

      Value  Global                              Global Defined In Module
      -----  --------------------------------   ------------------------
     0000090D  A$_sms_manager$574                 _sms_manager
     0000090E  A$_sms_manager$575                 _sms_manager
     0000090F  A$_sms_manager$576                 _sms_manager
     00000910  A$_sms_manager$577                 _sms_manager
     00000911  A$_sms_manager$578                 _sms_manager
     00000913  A$_sms_manager$579                 _sms_manager
     00000914  A$_sms_manager$580                 _sms_manager
     00000915  A$_sms_manager$584                 _sms_manager
     00000915  C$_sms_manager.c$97$1$105          _sms_manager
     00000916  A$_sms_manager$585                 _sms_manager
     00000917  A$_sms_manager$586                 _sms_manager
     0000091A  A$_sms_manager$587                 _sms_manager
     0000091B  A$_sms_manager$588                 _sms_manager
     0000091C  A$_sms_manager$589                 _sms_manager
     0000091D  A$_sms_manager$590                 _sms_manager
     0000091E  A$_sms_manager$591                 _sms_manager
     00000921  A$_sms_manager$592                 _sms_manager
     00000922  A$_sms_manager$597                 _sms_manager
     00000922  C$_sms_manager.c$98$1$105          _sms_manager
     00000922  XG$devkit_SMS_setSpritePaletteCo   _sms_manager
     00000923  A$_sms_manager$607                 _sms_manager
     00000923  C$_sms_manager.c$100$1$105         _sms_manager
     00000923  G$devkit_SMS_setNextTileatXY$0$0   _sms_manager
     00000923  _devkit_SMS_setNextTileatXY        _sms_manager
     00000925  A$_sms_manager$608                 _sms_manager
     00000929  A$_sms_manager$609                 _sms_manager
     0000092B  A$_sms_manager$613                 _sms_manager
     0000092B  C$_sms_manager.c$102$1$107         _sms_manager
     0000092E  A$_sms_manager$614                 _sms_manager
     00000930  A$_sms_manager$615                 _sms_manager
     00000931  A$_sms_manager$616                 _sms_manager
     00000932  A$_sms_manager$617                 _sms_manager
     00000933  A$_sms_manager$618                 _sms_manager
     00000934  A$_sms_manager$619                 _sms_manager
     00000935  A$_sms_manager$620                 _sms_manager
     00000936  A$_sms_manager$621                 _sms_manager
     00000937  A$_sms_manager$622                 _sms_manager
     00000938  A$_sms_manager$623                 _sms_manager
     0000093A  A$_sms_manager$624                 _sms_manager
     0000093B  A$_sms_manager$625                 _sms_manager
     0000093E  A$_sms_manager$626                 _sms_manager
     00000940  A$_sms_manager$627                 _sms_manager
     00000941  A$_sms_manager$628                 _sms_manager
     00000942  A$_sms_manager$629                 _sms_manager
     00000943  A$_sms_manager$630                 _sms_manager
     00000944  A$_sms_manager$631                 _sms_manager
     00000945  A$_sms_manager$632                 _sms_manager
     00000946  A$_sms_manager$633                 _sms_manager
     00000947  A$_sms_manager$638                 _sms_manager
     00000947  C$_sms_manager.c$103$1$107         _sms_manager
     00000947  XG$devkit_SMS_setNextTileatXY$0$   _sms_manager
ASxxxx Linker V03.00 + NoICE + sdld,  page 11.
Hexadecimal  [32-Bits]

Area                                    Addr        Size        Decimal Bytes (Attributes)
--------------------------------        ----        ----        ------- ----- ------------
_CODE                               00000200    00001E2B =        7723. bytes (REL,CON)

      Value  Global                              Global Defined In Module
      -----  --------------------------------   ------------------------
     00000949  A$_sms_manager$639                 _sms_manager
     0000094C  A$_sms_manager$652                 _sms_manager
     0000094C  C$_sms_manager.c$104$1$107         _sms_manager
     0000094C  C$_sms_manager.c$106$1$109         _sms_manager
     0000094C  G$devkit_SMS_setTile$0$0           _sms_manager
     0000094C  _devkit_SMS_setTile                _sms_manager
     0000094D  A$_sms_manager$653                 _sms_manager
     0000094E  A$_sms_manager$654                 _sms_manager
     0000094F  A$_sms_manager$655                 _sms_manager
     00000950  A$_sms_manager$660                 _sms_manager
     00000950  C$_sms_manager.c$107$1$109         _sms_manager
     00000950  XG$devkit_SMS_setTile$0$0          _sms_manager
     00000953  A$_sms_manager$673                 _sms_manager
     00000953  C$_sms_manager.c$108$1$109         _sms_manager
     00000953  C$_sms_manager.c$110$1$111         _sms_manager
     00000953  G$devkit_SMS_setTilePriority$0$0   _sms_manager
     00000953  _devkit_SMS_setTilePriority        _sms_manager
     00000957  A$_sms_manager$674                 _sms_manager
     00000959  A$_sms_manager$675                 _sms_manager
     0000095C  A$_sms_manager$676                 _sms_manager
     0000095E  A$_sms_manager$677                 _sms_manager
     00000960  A$_sms_manager$678                 _sms_manager
     00000961  A$_sms_manager$683                 _sms_manager
     00000961  C$_sms_manager.c$111$1$111         _sms_manager
     00000961  XG$devkit_SMS_setTilePriority$0$   _sms_manager
     00000964  A$_sms_manager$696                 _sms_manager
     00000964  C$_sms_manager.c$113$1$111         _sms_manager
     00000964  C$_sms_manager.c$115$1$113         _sms_manager
     00000964  G$devkit_SMS_addSprite$0$0         _sms_manager
     00000964  _devkit_SMS_addSprite              _sms_manager
     00000967  A$_sms_manager$697                 _sms_manager
     00000968  A$_sms_manager$698                 _sms_manager
     00000969  A$_sms_manager$699                 _sms_manager
     0000096A  A$_sms_manager$700                 _sms_manager
     0000096B  A$_sms_manager$701                 _sms_manager
     0000096E  A$_sms_manager$702                 _sms_manager
     0000096F  A$_sms_manager$703                 _sms_manager
     00000970  A$_sms_manager$704                 _sms_manager
     00000971  A$_sms_manager$705                 _sms_manager
     00000972  A$_sms_manager$706                 _sms_manager
     00000975  A$_sms_manager$707                 _sms_manager
     00000976  A$_sms_manager$708                 _sms_manager
     00000977  A$_sms_manager$709                 _sms_manager
     00000978  A$_sms_manager$710                 _sms_manager
     00000979  A$_sms_manager$711                 _sms_manager
     0000097C  A$_sms_manager$712                 _sms_manager
     0000097D  A$_sms_manager$713                 _sms_manager
     0000097E  A$_sms_manager$718                 _sms_manager
     0000097E  C$_sms_manager.c$116$1$113         _sms_manager
     0000097E  XG$devkit_SMS_addSprite$0$0        _sms_manager
     0000097F  A$_sms_manager$735                 _sms_manager
ASxxxx Linker V03.00 + NoICE + sdld,  page 12.
Hexadecimal  [32-Bits]

Area                                    Addr        Size        Decimal Bytes (Attributes)
--------------------------------        ----        ----        ------- ----- ------------
_CODE                               00000200    00001E2B =        7723. bytes (REL,CON)

      Value  Global                              Global Defined In Module
      -----  --------------------------------   ------------------------
     0000097F  C$_sms_manager.c$117$1$113         _sms_manager
     0000097F  C$_sms_manager.c$119$1$114         _sms_manager
     0000097F  C$_sms_manager.c$120$1$114         _sms_manager
     0000097F  G$devkit_SMS_initSprites$0$0       _sms_manager
     0000097F  XG$devkit_SMS_initSprites$0$0      _sms_manager
     0000097F  _devkit_SMS_initSprites            _sms_manager
     00000982  A$_sms_manager$752                 _sms_manager
     00000982  C$_sms_manager.c$121$1$114         _sms_manager
     00000982  C$_sms_manager.c$123$1$115         _sms_manager
     00000982  C$_sms_manager.c$124$1$115         _sms_manager
     00000982  G$devkit_SMS_finalizeSprites$0$0   _sms_manager
     00000982  XG$devkit_SMS_finalizeSprites$0$   _sms_manager
     00000982  _devkit_SMS_finalizeSprites        _sms_manager
     00000985  A$_sms_manager$769                 _sms_manager
     00000985  C$_sms_manager.c$125$1$115         _sms_manager
     00000985  C$_sms_manager.c$127$1$116         _sms_manager
     00000985  C$_sms_manager.c$128$1$116         _sms_manager
     00000985  G$devkit_SMS_waitForVBlank$0$0     _sms_manager
     00000985  XG$devkit_SMS_waitForVBlank$0$0    _sms_manager
     00000985  _devkit_SMS_waitForVBlank          _sms_manager
     00000988  A$_sms_manager$786                 _sms_manager
     00000988  C$_sms_manager.c$129$1$116         _sms_manager
     00000988  C$_sms_manager.c$131$1$117         _sms_manager
     00000988  C$_sms_manager.c$132$1$117         _sms_manager
     00000988  G$devkit_SMS_copySpritestoSAT$0$   _sms_manager
     00000988  XG$devkit_SMS_copySpritestoSAT$0   _sms_manager
     00000988  _devkit_SMS_copySpritestoSAT       _sms_manager
     0000098B  A$_sms_manager$803                 _sms_manager
     0000098B  C$_sms_manager.c$133$1$117         _sms_manager
     0000098B  C$_sms_manager.c$135$1$118         _sms_manager
     0000098B  C$_sms_manager.c$136$1$118         _sms_manager
     0000098B  G$devkit_UNSAFE_SMS_copySpritest   _sms_manager
     0000098B  XG$devkit_UNSAFE_SMS_copySprites   _sms_manager
     0000098B  _devkit_UNSAFE_SMS_copySpritesto   _sms_manager
     0000098E  A$_sms_manager$820                 _sms_manager
     0000098E  C$_sms_manager.c$138$1$118         _sms_manager
     0000098E  C$_sms_manager.c$140$1$119         _sms_manager
     0000098E  C$_sms_manager.c$141$1$119         _sms_manager
     0000098E  G$devkit_SMS_queryPauseRequested   _sms_manager
     0000098E  XG$devkit_SMS_queryPauseRequeste   _sms_manager
     0000098E  _devkit_SMS_queryPauseRequested    _sms_manager
     00000991  A$_sms_manager$837                 _sms_manager
     00000991  C$_sms_manager.c$142$1$119         _sms_manager
     00000991  C$_sms_manager.c$144$1$120         _sms_manager
     00000991  C$_sms_manager.c$145$1$120         _sms_manager
     00000991  G$devkit_SMS_resetPauseRequest$0   _sms_manager
     00000991  XG$devkit_SMS_resetPauseRequest$   _sms_manager
     00000991  _devkit_SMS_resetPauseRequest      _sms_manager
     00000994  A$_sms_manager$850                 _sms_manager
     00000994  C$_sms_manager.c$148$1$120         _sms_manager
     00000994  C$_sms_manager.c$150$1$121         _sms_manager
ASxxxx Linker V03.00 + NoICE + sdld,  page 13.
Hexadecimal  [32-Bits]

Area                                    Addr        Size        Decimal Bytes (Attributes)
--------------------------------        ----        ----        ------- ----- ------------
_CODE                               00000200    00001E2B =        7723. bytes (REL,CON)

      Value  Global                              Global Defined In Module
      -----  --------------------------------   ------------------------
     00000994  G$devkit_isCollisionDetected$0$0   _sms_manager
     00000994  _devkit_isCollisionDetected        _sms_manager
     00000997  A$_sms_manager$851                 _sms_manager
     00000999  A$_sms_manager$852                 _sms_manager
     0000099A  A$_sms_manager$857                 _sms_manager
     0000099A  C$_sms_manager.c$151$1$121         _sms_manager
     0000099A  XG$devkit_isCollisionDetected$0$   _sms_manager
     0000099B  A$_sms_manager$874                 _sms_manager
     0000099B  C$_sms_manager.c$154$1$121         _sms_manager
     0000099B  C$_sms_manager.c$156$1$122         _sms_manager
     0000099B  C$_sms_manager.c$157$1$122         _sms_manager
     0000099B  G$devkit_SMS_getKeysStatus$0$0     _sms_manager
     0000099B  XG$devkit_SMS_getKeysStatus$0$0    _sms_manager
     0000099B  _devkit_SMS_getKeysStatus          _sms_manager
     0000099E  A$_sms_manager$887                 _sms_manager
     0000099E  C$_sms_manager.c$160$1$122         _sms_manager
     0000099E  C$_sms_manager.c$162$1$123         _sms_manager
     0000099E  G$devkit_SPRITEMODE_NORMAL$0$0     _sms_manager
     0000099E  _devkit_SPRITEMODE_NORMAL          _sms_manager
     000009A0  A$_sms_manager$892                 _sms_manager
     000009A0  C$_sms_manager.c$163$1$123         _sms_manager
     000009A0  XG$devkit_SPRITEMODE_NORMAL$0$0    _sms_manager
     000009A1  A$_sms_manager$905                 _sms_manager
     000009A1  C$_sms_manager.c$164$1$123         _sms_manager
     000009A1  C$_sms_manager.c$166$1$124         _sms_manager
     000009A1  G$devkit_VDPFEATURE_HIDEFIRSTCOL   _sms_manager
     000009A1  _devkit_VDPFEATURE_HIDEFIRSTCOL    _sms_manager
     000009A4  A$_sms_manager$910                 _sms_manager
     000009A4  C$_sms_manager.c$167$1$124         _sms_manager
     000009A4  XG$devkit_VDPFEATURE_HIDEFIRSTCO   _sms_manager
     000009A5  A$_sms_manager$923                 _sms_manager
     000009A5  C$_sms_manager.c$168$1$124         _sms_manager
     000009A5  C$_sms_manager.c$170$1$125         _sms_manager
     000009A5  G$devkit_TILE_PRIORITY$0$0         _sms_manager
     000009A5  _devkit_TILE_PRIORITY              _sms_manager
     000009A8  A$_sms_manager$928                 _sms_manager
     000009A8  C$_sms_manager.c$171$1$125         _sms_manager
     000009A8  XG$devkit_TILE_PRIORITY$0$0        _sms_manager
     000009A9  A$_sms_manager$941                 _sms_manager
     000009A9  C$_sms_manager.c$172$1$125         _sms_manager
     000009A9  C$_sms_manager.c$174$1$126         _sms_manager
     000009A9  G$devkit_TILE_USE_SPRITE_PALETTE   _sms_manager
     000009A9  _devkit_TILE_USE_SPRITE_PALETTE    _sms_manager
     000009AC  A$_sms_manager$946                 _sms_manager
     000009AC  C$_sms_manager.c$175$1$126         _sms_manager
     000009AC  XG$devkit_TILE_USE_SPRITE_PALETT   _sms_manager
     000009AD  F_sms_manager$__str_0$0$0          _sms_manager
     000009BB  F_sms_manager$__str_1$0$0          _sms_manager
     000009C5  F_sms_manager$__str_2$0$0          _sms_manager
     00000A01  A$_snd_manager$83                  _snd_manager
     00000A01  C$_snd_manager.c$11$1$31           _snd_manager
ASxxxx Linker V03.00 + NoICE + sdld,  page 14.
Hexadecimal  [32-Bits]

Area                                    Addr        Size        Decimal Bytes (Attributes)
--------------------------------        ----        ----        ------- ----- ------------
_CODE                               00000200    00001E2B =        7723. bytes (REL,CON)

      Value  Global                              Global Defined In Module
      -----  --------------------------------   ------------------------
     00000A01  C$_snd_manager.c$9$0$0             _snd_manager
     00000A01  G$devkit_PSGPlay$0$0               _snd_manager
     00000A01  _devkit_PSGPlay                    _snd_manager
     00000A02  A$_snd_manager$84                  _snd_manager
     00000A03  A$_snd_manager$85                  _snd_manager
     00000A04  A$_snd_manager$86                  _snd_manager
     00000A05  A$_snd_manager$87                  _snd_manager
     00000A06  A$_snd_manager$88                  _snd_manager
     00000A09  A$_snd_manager$89                  _snd_manager
     00000A0A  A$_snd_manager$94                  _snd_manager
     00000A0A  C$_snd_manager.c$12$1$31           _snd_manager
     00000A0A  XG$devkit_PSGPlay$0$0              _snd_manager
     00000A0B  A$_snd_manager$107                 _snd_manager
     00000A0B  C$_snd_manager.c$13$1$31           _snd_manager
     00000A0B  C$_snd_manager.c$15$1$33           _snd_manager
     00000A0B  G$devkit_PSGPlayNoRepeat$0$0       _snd_manager
     00000A0B  _devkit_PSGPlayNoRepeat            _snd_manager
     00000A0C  A$_snd_manager$108                 _snd_manager
     00000A0D  A$_snd_manager$109                 _snd_manager
     00000A0E  A$_snd_manager$110                 _snd_manager
     00000A0F  A$_snd_manager$111                 _snd_manager
     00000A10  A$_snd_manager$112                 _snd_manager
     00000A13  A$_snd_manager$113                 _snd_manager
     00000A14  A$_snd_manager$118                 _snd_manager
     00000A14  C$_snd_manager.c$16$1$33           _snd_manager
     00000A14  XG$devkit_PSGPlayNoRepeat$0$0      _snd_manager
     00000A15  A$_snd_manager$135                 _snd_manager
     00000A15  C$_snd_manager.c$17$1$33           _snd_manager
     00000A15  C$_snd_manager.c$19$1$35           _snd_manager
     00000A15  C$_snd_manager.c$20$1$35           _snd_manager
     00000A15  G$devkit_PSGStop$0$0               _snd_manager
     00000A15  XG$devkit_PSGStop$0$0              _snd_manager
     00000A15  _devkit_PSGStop                    _snd_manager
     00000A18  A$_snd_manager$152                 _snd_manager
     00000A18  C$_snd_manager.c$21$1$35           _snd_manager
     00000A18  C$_snd_manager.c$23$1$37           _snd_manager
     00000A18  C$_snd_manager.c$24$1$37           _snd_manager
     00000A18  G$devkit_PSGResume$0$0             _snd_manager
     00000A18  XG$devkit_PSGResume$0$0            _snd_manager
     00000A18  _devkit_PSGResume                  _snd_manager
     00000A1B  A$_snd_manager$169                 _snd_manager
     00000A1B  C$_snd_manager.c$25$1$37           _snd_manager
     00000A1B  C$_snd_manager.c$27$1$39           _snd_manager
     00000A1B  C$_snd_manager.c$28$1$39           _snd_manager
     00000A1B  G$devkit_PSGGetStatus$0$0          _snd_manager
     00000A1B  XG$devkit_PSGGetStatus$0$0         _snd_manager
     00000A1B  _devkit_PSGGetStatus               _snd_manager
     00000A1E  A$_snd_manager$182                 _snd_manager
     00000A1E  C$_snd_manager.c$29$1$39           _snd_manager
     00000A1E  C$_snd_manager.c$31$1$41           _snd_manager
     00000A1E  G$devkit_PSGSetMusicVolumeAttenu   _snd_manager
ASxxxx Linker V03.00 + NoICE + sdld,  page 15.
Hexadecimal  [32-Bits]

Area                                    Addr        Size        Decimal Bytes (Attributes)
--------------------------------        ----        ----        ------- ----- ------------
_CODE                               00000200    00001E2B =        7723. bytes (REL,CON)

      Value  Global                              Global Defined In Module
      -----  --------------------------------   ------------------------
     00000A1E  _devkit_PSGSetMusicVolumeAttenua   _snd_manager
     00000A21  A$_snd_manager$183                 _snd_manager
     00000A22  A$_snd_manager$184                 _snd_manager
     00000A23  A$_snd_manager$185                 _snd_manager
     00000A24  A$_snd_manager$186                 _snd_manager
     00000A25  A$_snd_manager$187                 _snd_manager
     00000A28  A$_snd_manager$188                 _snd_manager
     00000A29  A$_snd_manager$193                 _snd_manager
     00000A29  C$_snd_manager.c$32$1$41           _snd_manager
     00000A29  XG$devkit_PSGSetMusicVolumeAtten   _snd_manager
     00000A2A  A$_snd_manager$206                 _snd_manager
     00000A2A  C$_snd_manager.c$34$1$41           _snd_manager
     00000A2A  C$_snd_manager.c$36$1$43           _snd_manager
     00000A2A  G$devkit_PSGSFXPlay$0$0            _snd_manager
     00000A2A  _devkit_PSGSFXPlay                 _snd_manager
     00000A2D  A$_snd_manager$207                 _snd_manager
     00000A2E  A$_snd_manager$208                 _snd_manager
     00000A2F  A$_snd_manager$209                 _snd_manager
     00000A30  A$_snd_manager$210                 _snd_manager
     00000A31  A$_snd_manager$211                 _snd_manager
     00000A34  A$_snd_manager$212                 _snd_manager
     00000A35  A$_snd_manager$213                 _snd_manager
     00000A36  A$_snd_manager$214                 _snd_manager
     00000A37  A$_snd_manager$215                 _snd_manager
     00000A38  A$_snd_manager$216                 _snd_manager
     00000A39  A$_snd_manager$217                 _snd_manager
     00000A3C  A$_snd_manager$218                 _snd_manager
     00000A3D  A$_snd_manager$219                 _snd_manager
     00000A3E  A$_snd_manager$224                 _snd_manager
     00000A3E  C$_snd_manager.c$37$1$43           _snd_manager
     00000A3E  XG$devkit_PSGSFXPlay$0$0           _snd_manager
     00000A3F  A$_snd_manager$241                 _snd_manager
     00000A3F  C$_snd_manager.c$38$1$43           _snd_manager
     00000A3F  C$_snd_manager.c$40$1$45           _snd_manager
     00000A3F  C$_snd_manager.c$41$1$45           _snd_manager
     00000A3F  G$devkit_PSGSFXStop$0$0            _snd_manager
     00000A3F  XG$devkit_PSGSFXStop$0$0           _snd_manager
     00000A3F  _devkit_PSGSFXStop                 _snd_manager
     00000A42  A$_snd_manager$258                 _snd_manager
     00000A42  C$_snd_manager.c$42$1$45           _snd_manager
     00000A42  C$_snd_manager.c$44$1$47           _snd_manager
     00000A42  C$_snd_manager.c$45$1$47           _snd_manager
     00000A42  G$devkit_PSGSFXGetStatus$0$0       _snd_manager
     00000A42  XG$devkit_PSGSFXGetStatus$0$0      _snd_manager
     00000A42  _devkit_PSGSFXGetStatus            _snd_manager
     00000A45  A$_snd_manager$275                 _snd_manager
     00000A45  C$_snd_manager.c$47$1$47           _snd_manager
     00000A45  C$_snd_manager.c$49$1$49           _snd_manager
     00000A45  C$_snd_manager.c$50$1$49           _snd_manager
     00000A45  G$devkit_PSGSilenceChannels$0$0    _snd_manager
     00000A45  XG$devkit_PSGSilenceChannels$0$0   _snd_manager
ASxxxx Linker V03.00 + NoICE + sdld,  page 16.
Hexadecimal  [32-Bits]

Area                                    Addr        Size        Decimal Bytes (Attributes)
--------------------------------        ----        ----        ------- ----- ------------
_CODE                               00000200    00001E2B =        7723. bytes (REL,CON)

      Value  Global                              Global Defined In Module
      -----  --------------------------------   ------------------------
     00000A45  _devkit_PSGSilenceChannels         _snd_manager
     00000A48  A$_snd_manager$292                 _snd_manager
     00000A48  C$_snd_manager.c$51$1$49           _snd_manager
     00000A48  C$_snd_manager.c$53$1$51           _snd_manager
     00000A48  C$_snd_manager.c$54$1$51           _snd_manager
     00000A48  G$devkit_PSGRestoreVolumes$0$0     _snd_manager
     00000A48  XG$devkit_PSGRestoreVolumes$0$0    _snd_manager
     00000A48  _devkit_PSGRestoreVolumes          _snd_manager
     00000A4B  A$_snd_manager$309                 _snd_manager
     00000A4B  C$_snd_manager.c$56$1$51           _snd_manager
     00000A4B  C$_snd_manager.c$58$1$53           _snd_manager
     00000A4B  C$_snd_manager.c$59$1$53           _snd_manager
     00000A4B  G$devkit_PSGFrame$0$0              _snd_manager
     00000A4B  XG$devkit_PSGFrame$0$0             _snd_manager
     00000A4B  _devkit_PSGFrame                   _snd_manager
     00000A4E  A$_snd_manager$326                 _snd_manager
     00000A4E  C$_snd_manager.c$60$1$53           _snd_manager
     00000A4E  C$_snd_manager.c$62$1$55           _snd_manager
     00000A4E  C$_snd_manager.c$63$1$55           _snd_manager
     00000A4E  G$devkit_PSGSFXFrame$0$0           _snd_manager
     00000A4E  XG$devkit_PSGSFXFrame$0$0          _snd_manager
     00000A4E  _devkit_PSGSFXFrame                _snd_manager
     00000A51  A$_snd_manager$339                 _snd_manager
     00000A51  C$_snd_manager.c$66$1$55           _snd_manager
     00000A51  C$_snd_manager.c$68$1$56           _snd_manager
     00000A51  G$devkit_SFX_CHANNEL2$0$0          _snd_manager
     00000A51  _devkit_SFX_CHANNEL2               _snd_manager
     00000A53  A$_snd_manager$344                 _snd_manager
     00000A53  C$_snd_manager.c$69$1$56           _snd_manager
     00000A53  XG$devkit_SFX_CHANNEL2$0$0         _snd_manager
     00000A54  A$_snd_manager$357                 _snd_manager
     00000A54  C$_snd_manager.c$70$1$56           _snd_manager
     00000A54  C$_snd_manager.c$72$1$57           _snd_manager
     00000A54  G$devkit_SFX_CHANNEL3$0$0          _snd_manager
     00000A54  _devkit_SFX_CHANNEL3               _snd_manager
     00000A56  A$_snd_manager$362                 _snd_manager
     00000A56  C$_snd_manager.c$73$1$57           _snd_manager
     00000A56  XG$devkit_SFX_CHANNEL3$0$0         _snd_manager
     00000A57  A$_snd_manager$375                 _snd_manager
     00000A57  C$_snd_manager.c$74$1$57           _snd_manager
     00000A57  C$_snd_manager.c$76$1$58           _snd_manager
     00000A57  G$devkit_SFX_CHANNELS2AND3$0$0     _snd_manager
     00000A57  _devkit_SFX_CHANNELS2AND3          _snd_manager
     00000A59  A$_snd_manager$380                 _snd_manager
     00000A59  C$_snd_manager.c$77$1$58           _snd_manager
     00000A59  XG$devkit_SFX_CHANNELS2AND3$0$0    _snd_manager
     00000A5A  A$asm_manager$59                   asm_manager
     00000A5A  C$asm_manager.c$11$0$0             asm_manager
     00000A5A  C$asm_manager.c$30$1$1             asm_manager
     00000A5A  G$engine_asm_manager_clear_VRAM$   asm_manager
     00000A5A  _engine_asm_manager_clear_VRAM     asm_manager
ASxxxx Linker V03.00 + NoICE + sdld,  page 17.
Hexadecimal  [32-Bits]

Area                                    Addr        Size        Decimal Bytes (Attributes)
--------------------------------        ----        ----        ------- ----- ------------
_CODE                               00000200    00001E2B =        7723. bytes (REL,CON)

      Value  Global                              Global Defined In Module
      -----  --------------------------------   ------------------------
     00000A5C  A$asm_manager$60                   asm_manager
     00000A5E  A$asm_manager$61                   asm_manager
     00000A60  A$asm_manager$62                   asm_manager
     00000A62  A$asm_manager$63                   asm_manager
     00000A65  A$asm_manager$65                   asm_manager
     00000A67  A$asm_manager$66                   asm_manager
     00000A69  A$asm_manager$67                   asm_manager
     00000A6A  A$asm_manager$68                   asm_manager
     00000A6B  A$asm_manager$69                   asm_manager
     00000A6C  A$asm_manager$70                   asm_manager
     00000A6F  A$asm_manager$75                   asm_manager
     00000A6F  C$asm_manager.c$33$1$1             asm_manager
     00000A6F  XG$engine_asm_manager_clear_VRAM   asm_manager
     00000A70  A$audio_manager$60                 audio_manager
     00000A70  C$audio_manager.c$18$0$0           audio_manager
     00000A70  C$audio_manager.c$20$1$15          audio_manager
     00000A70  G$engine_audio_manager_sfx_right   audio_manager
     00000A70  _engine_audio_manager_sfx_right    audio_manager
     00000A73  A$audio_manager$61                 audio_manager
     00000A74  A$audio_manager$62                 audio_manager
     00000A77  A$audio_manager$63                 audio_manager
     00000A78  A$audio_manager$68                 audio_manager
     00000A78  C$audio_manager.c$21$1$15          audio_manager
     00000A78  XG$engine_audio_manager_sfx_righ   audio_manager
     00000A79  A$audio_manager$81                 audio_manager
     00000A79  C$audio_manager.c$22$1$15          audio_manager
     00000A79  C$audio_manager.c$24$1$16          audio_manager
     00000A79  G$engine_audio_manager_sfx_wrong   audio_manager
     00000A79  _engine_audio_manager_sfx_wrong    audio_manager
     00000A7C  A$audio_manager$82                 audio_manager
     00000A7D  A$audio_manager$83                 audio_manager
     00000A80  A$audio_manager$84                 audio_manager
     00000A81  A$audio_manager$89                 audio_manager
     00000A81  C$audio_manager.c$25$1$16          audio_manager
     00000A81  XG$engine_audio_manager_sfx_wron   audio_manager
     00000A82  A$audio_manager$102                audio_manager
     00000A82  C$audio_manager.c$26$1$16          audio_manager
     00000A82  C$audio_manager.c$28$1$17          audio_manager
     00000A82  G$engine_audio_manager_sfx_cheat   audio_manager
     00000A82  _engine_audio_manager_sfx_cheat    audio_manager
     00000A85  A$audio_manager$103                audio_manager
     00000A86  A$audio_manager$104                audio_manager
     00000A89  A$audio_manager$105                audio_manager
     00000A8A  A$audio_manager$110                audio_manager
     00000A8A  C$audio_manager.c$29$1$17          audio_manager
     00000A8A  XG$engine_audio_manager_sfx_chea   audio_manager
     00000A8B  A$audio_manager$123                audio_manager
     00000A8B  C$audio_manager.c$31$1$17          audio_manager
     00000A8B  C$audio_manager.c$36$1$19          audio_manager
     00000A8B  Faudio_manager$play_sfx$0$0        audio_manager
     00000A8E  A$audio_manager$127                audio_manager
ASxxxx Linker V03.00 + NoICE + sdld,  page 18.
Hexadecimal  [32-Bits]

Area                                    Addr        Size        Decimal Bytes (Attributes)
--------------------------------        ----        ----        ------- ----- ------------
_CODE                               00000200    00001E2B =        7723. bytes (REL,CON)

      Value  Global                              Global Defined In Module
      -----  --------------------------------   ------------------------
     00000A8E  C$audio_manager.c$37$1$19          audio_manager
     00000A8F  A$audio_manager$128                audio_manager
     00000A90  A$audio_manager$132                audio_manager
     00000A90  C$audio_manager.c$39$2$20          audio_manager
     00000A91  A$audio_manager$136                audio_manager
     00000A91  C$audio_manager.c$42$1$19          audio_manager
     00000A94  A$audio_manager$137                audio_manager
     00000A95  A$audio_manager$138                audio_manager
     00000A96  A$audio_manager$139                audio_manager
     00000A97  A$audio_manager$140                audio_manager
     00000A98  A$audio_manager$141                audio_manager
     00000A99  A$audio_manager$142                audio_manager
     00000A9A  A$audio_manager$143                audio_manager
     00000A9B  A$audio_manager$144                audio_manager
     00000A9C  A$audio_manager$145                audio_manager
     00000A9F  A$audio_manager$146                audio_manager
     00000AA0  A$audio_manager$147                audio_manager
     00000AA1  A$audio_manager$152                audio_manager
     00000AA1  C$audio_manager.c$43$1$19          audio_manager
     00000AA1  XFaudio_manager$play_sfx$0$0       audio_manager
     00000AA2  A$content_manager$65               content_manager
     00000AA2  C$content_manager.c$12$0$0         content_manager
     00000AA2  C$content_manager.c$14$1$17        content_manager
     00000AA2  G$engine_content_manager_load_ti   content_manager
     00000AA2  _engine_content_manager_load_til   content_manager
     00000AA5  A$content_manager$66               content_manager
     00000AA6  A$content_manager$67               content_manager
     00000AA9  A$content_manager$68               content_manager
     00000AAA  A$content_manager$69               content_manager
     00000AAD  A$content_manager$70               content_manager
     00000AAE  A$content_manager$71               content_manager
     00000AAF  A$content_manager$75               content_manager
     00000AAF  C$content_manager.c$15$1$17        content_manager
     00000AB2  A$content_manager$76               content_manager
     00000AB3  A$content_manager$77               content_manager
     00000AB6  A$content_manager$78               content_manager
     00000AB7  A$content_manager$83               content_manager
     00000AB7  C$content_manager.c$16$1$17        content_manager
     00000AB7  XG$engine_content_manager_load_t   content_manager
     00000AB8  A$content_manager$96               content_manager
     00000AB8  C$content_manager.c$17$1$17        content_manager
     00000AB8  C$content_manager.c$19$1$18        content_manager
     00000AB8  G$engine_content_manager_load_sp   content_manager
     00000AB8  _engine_content_manager_load_spl   content_manager
     00000ABA  A$content_manager$97               content_manager
     00000ABB  A$content_manager$98               content_manager
     00000ABC  A$content_manager$99               content_manager
     00000ABF  A$content_manager$100              content_manager
     00000AC0  A$content_manager$104              content_manager
     00000AC0  C$content_manager.c$20$1$18        content_manager
     00000AC3  A$content_manager$105              content_manager
ASxxxx Linker V03.00 + NoICE + sdld,  page 19.
Hexadecimal  [32-Bits]

Area                                    Addr        Size        Decimal Bytes (Attributes)
--------------------------------        ----        ----        ------- ----- ------------
_CODE                               00000200    00001E2B =        7723. bytes (REL,CON)

      Value  Global                              Global Defined In Module
      -----  --------------------------------   ------------------------
     00000AC4  A$content_manager$106              content_manager
     00000AC7  A$content_manager$107              content_manager
     00000AC8  A$content_manager$108              content_manager
     00000ACB  A$content_manager$109              content_manager
     00000ACC  A$content_manager$110              content_manager
     00000ACD  A$content_manager$114              content_manager
     00000ACD  C$content_manager.c$21$1$18        content_manager
     00000AD0  A$content_manager$115              content_manager
     00000AD1  A$content_manager$116              content_manager
     00000AD4  A$content_manager$117              content_manager
     00000AD5  A$content_manager$118              content_manager
     00000AD8  A$content_manager$119              content_manager
     00000AD9  A$content_manager$120              content_manager
     00000ADA  A$content_manager$124              content_manager
     00000ADA  C$content_manager.c$22$1$18        content_manager
     00000ADD  A$content_manager$125              content_manager
     00000ADE  A$content_manager$126              content_manager
     00000AE1  A$content_manager$127              content_manager
     00000AE2  A$content_manager$132              content_manager
     00000AE2  C$content_manager.c$23$1$18        content_manager
     00000AE2  XG$engine_content_manager_load_s   content_manager
     00000AE3  A$content_manager$145              content_manager
     00000AE3  C$content_manager.c$25$1$18        content_manager
     00000AE3  C$content_manager.c$27$1$19        content_manager
     00000AE3  G$engine_content_manager_load_ti   content_manager
     00000AE3  _engine_content_manager_load_tit   content_manager
     00000AE5  A$content_manager$146              content_manager
     00000AE6  A$content_manager$147              content_manager
     00000AE7  A$content_manager$148              content_manager
     00000AEA  A$content_manager$149              content_manager
     00000AEB  A$content_manager$153              content_manager
     00000AEB  C$content_manager.c$28$1$19        content_manager
     00000AEE  A$content_manager$154              content_manager
     00000AEF  A$content_manager$155              content_manager
     00000AF2  A$content_manager$156              content_manager
     00000AF3  A$content_manager$157              content_manager
     00000AF6  A$content_manager$158              content_manager
     00000AF7  A$content_manager$159              content_manager
     00000AF8  A$content_manager$163              content_manager
     00000AF8  C$content_manager.c$29$1$19        content_manager
     00000AFB  A$content_manager$164              content_manager
     00000AFC  A$content_manager$165              content_manager
     00000AFF  A$content_manager$166              content_manager
     00000B00  A$content_manager$167              content_manager
     00000B03  A$content_manager$168              content_manager
     00000B04  A$content_manager$169              content_manager
     00000B05  A$content_manager$173              content_manager
     00000B05  C$content_manager.c$30$1$19        content_manager
     00000B08  A$content_manager$174              content_manager
     00000B09  A$content_manager$175              content_manager
     00000B0C  A$content_manager$176              content_manager
ASxxxx Linker V03.00 + NoICE + sdld,  page 20.
Hexadecimal  [32-Bits]

Area                                    Addr        Size        Decimal Bytes (Attributes)
--------------------------------        ----        ----        ------- ----- ------------
_CODE                               00000200    00001E2B =        7723. bytes (REL,CON)

      Value  Global                              Global Defined In Module
      -----  --------------------------------   ------------------------
     00000B0D  A$content_manager$180              content_manager
     00000B0D  C$content_manager.c$33$1$19        content_manager
     00000B10  A$content_manager$181              content_manager
     00000B11  A$content_manager$182              content_manager
     00000B13  A$content_manager$183              content_manager
     00000B14  A$content_manager$184              content_manager
     00000B17  A$content_manager$185              content_manager
     00000B18  A$content_manager$186              content_manager
     00000B19  A$content_manager$191              content_manager
     00000B19  C$content_manager.c$34$1$19        content_manager
     00000B19  XG$engine_content_manager_load_t   content_manager
     00000B1A  A$content_manager$204              content_manager
     00000B1A  C$content_manager.c$35$1$19        content_manager
     00000B1A  C$content_manager.c$37$1$20        content_manager
     00000B1A  G$engine_content_manager_load_ti   content_manager
     00000B1A  _engine_content_manager_load_tit   content_manager
     00000B1C  A$content_manager$205              content_manager
     00000B1D  A$content_manager$206              content_manager
     00000B1E  A$content_manager$207              content_manager
     00000B21  A$content_manager$208              content_manager
     00000B22  A$content_manager$212              content_manager
     00000B22  C$content_manager.c$38$1$20        content_manager
     00000B25  A$content_manager$213              content_manager
     00000B26  A$content_manager$214              content_manager
     00000B29  A$content_manager$215              content_manager
     00000B2A  A$content_manager$216              content_manager
     00000B2D  A$content_manager$217              content_manager
     00000B2E  A$content_manager$218              content_manager
     00000B2F  A$content_manager$222              content_manager
     00000B2F  C$content_manager.c$39$1$20        content_manager
     00000B32  A$content_manager$223              content_manager
     00000B33  A$content_manager$224              content_manager
     00000B36  A$content_manager$225              content_manager
     00000B37  A$content_manager$226              content_manager
     00000B3A  A$content_manager$227              content_manager
     00000B3B  A$content_manager$228              content_manager
     00000B3C  A$content_manager$232              content_manager
     00000B3C  C$content_manager.c$40$1$20        content_manager
     00000B3F  A$content_manager$233              content_manager
     00000B40  A$content_manager$234              content_manager
     00000B43  A$content_manager$235              content_manager
     00000B44  A$content_manager$239              content_manager
     00000B44  C$content_manager.c$43$1$20        content_manager
     00000B47  A$content_manager$240              content_manager
     00000B48  A$content_manager$241              content_manager
     00000B4A  A$content_manager$242              content_manager
     00000B4B  A$content_manager$243              content_manager
     00000B4E  A$content_manager$244              content_manager
     00000B4F  A$content_manager$245              content_manager
     00000B50  A$content_manager$250              content_manager
     00000B50  C$content_manager.c$44$1$20        content_manager
ASxxxx Linker V03.00 + NoICE + sdld,  page 21.
Hexadecimal  [32-Bits]

Area                                    Addr        Size        Decimal Bytes (Attributes)
--------------------------------        ----        ----        ------- ----- ------------
_CODE                               00000200    00001E2B =        7723. bytes (REL,CON)

      Value  Global                              Global Defined In Module
      -----  --------------------------------   ------------------------
     00000B50  XG$engine_content_manager_load_t   content_manager
     00000B51  A$content_manager$263              content_manager
     00000B51  C$content_manager.c$47$1$20        content_manager
     00000B51  C$content_manager.c$50$1$21        content_manager
     00000B51  G$engine_content_manager_load_sp   content_manager
     00000B51  _engine_content_manager_load_spr   content_manager
     00000B54  A$content_manager$264              content_manager
     00000B55  A$content_manager$265              content_manager
     00000B58  A$content_manager$266              content_manager
     00000B59  A$content_manager$267              content_manager
     00000B5C  A$content_manager$268              content_manager
     00000B5D  A$content_manager$269              content_manager
     00000B5E  A$content_manager$273              content_manager
     00000B5E  C$content_manager.c$51$1$21        content_manager
     00000B61  A$content_manager$274              content_manager
     00000B62  A$content_manager$275              content_manager
     00000B65  A$content_manager$276              content_manager
     00000B66  A$content_manager$281              content_manager
     00000B66  C$content_manager.c$52$1$21        content_manager
     00000B66  XG$engine_content_manager_load_s   content_manager
     00000B67  A$cursor_manager$68                cursor_manager
     00000B67  C$cursor_manager.c$13$0$0          cursor_manager
     00000B67  C$cursor_manager.c$15$1$23         cursor_manager
     00000B67  G$engine_cursor_manager_init$0$0   cursor_manager
     00000B67  _engine_cursor_manager_init        cursor_manager
     00000B6A  A$cursor_manager$72                cursor_manager
     00000B6A  C$cursor_manager.c$16$1$23         cursor_manager
     00000B6B  A$cursor_manager$73                cursor_manager
     00000B6C  A$cursor_manager$77                cursor_manager
     00000B6C  C$cursor_manager.c$17$1$23         cursor_manager
     00000B6F  A$cursor_manager$78                cursor_manager
     00000B71  A$cursor_manager$82                cursor_manager
     00000B71  C$cursor_manager.c$19$1$23         cursor_manager
     00000B72  A$cursor_manager$83                cursor_manager
     00000B74  A$cursor_manager$84                cursor_manager
     00000B75  A$cursor_manager$85                cursor_manager
     00000B76  A$cursor_manager$86                cursor_manager
     00000B79  A$cursor_manager$87                cursor_manager
     00000B7A  A$cursor_manager$88                cursor_manager
     00000B7B  A$cursor_manager$89                cursor_manager
     00000B7C  A$cursor_manager$90                cursor_manager
     00000B7D  A$cursor_manager$91                cursor_manager
     00000B80  A$cursor_manager$92                cursor_manager
     00000B81  A$cursor_manager$93                cursor_manager
     00000B82  A$cursor_manager$94                cursor_manager
     00000B83  A$cursor_manager$95                cursor_manager
     00000B84  A$cursor_manager$99                cursor_manager
     00000B84  C$cursor_manager.c$20$1$23         cursor_manager
     00000B86  A$cursor_manager$100               cursor_manager
     00000B87  A$cursor_manager$101               cursor_manager
     00000B88  A$cursor_manager$102               cursor_manager
ASxxxx Linker V03.00 + NoICE + sdld,  page 22.
Hexadecimal  [32-Bits]

Area                                    Addr        Size        Decimal Bytes (Attributes)
--------------------------------        ----        ----        ------- ----- ------------
_CODE                               00000200    00001E2B =        7723. bytes (REL,CON)

      Value  Global                              Global Defined In Module
      -----  --------------------------------   ------------------------
     00000B8B  A$cursor_manager$103               cursor_manager
     00000B8C  A$cursor_manager$104               cursor_manager
     00000B8D  A$cursor_manager$105               cursor_manager
     00000B8E  A$cursor_manager$106               cursor_manager
     00000B8F  A$cursor_manager$107               cursor_manager
     00000B92  A$cursor_manager$108               cursor_manager
     00000B93  A$cursor_manager$109               cursor_manager
     00000B94  A$cursor_manager$110               cursor_manager
     00000B97  A$cursor_manager$111               cursor_manager
     00000B98  A$cursor_manager$119               cursor_manager
     00000B98  C$cursor_manager.c$21$1$23         cursor_manager
     00000B98  C$cursor_manager.c$22$1$23         cursor_manager
     00000B98  XG$engine_cursor_manager_init$0$   cursor_manager
     00000B9B  A$cursor_manager$129               cursor_manager
     00000B9B  C$cursor_manager.c$24$1$23         cursor_manager
     00000B9B  G$engine_cursor_manager_load$0$0   cursor_manager
     00000B9B  _engine_cursor_manager_load        cursor_manager
     00000B9D  A$cursor_manager$130               cursor_manager
     00000BA1  A$cursor_manager$131               cursor_manager
     00000BA3  A$cursor_manager$132               cursor_manager
     00000BA4  A$cursor_manager$133               cursor_manager
     00000BA5  A$cursor_manager$137               cursor_manager
     00000BA5  C$cursor_manager.c$31$5$29         cursor_manager
     00000BA9  A$cursor_manager$142               cursor_manager
     00000BA9  C$cursor_manager.c$33$2$26         cursor_manager
     00000BAB  A$cursor_manager$143               cursor_manager
     00000BAE  A$cursor_manager$144               cursor_manager
     00000BB1  A$cursor_manager$145               cursor_manager
     00000BB3  A$cursor_manager$146               cursor_manager
     00000BB5  A$cursor_manager$147               cursor_manager
     00000BB8  A$cursor_manager$148               cursor_manager
     00000BBA  A$cursor_manager$153               cursor_manager
     00000BBA  C$cursor_manager.c$35$5$29         cursor_manager
     00000BBB  A$cursor_manager$154               cursor_manager
     00000BBC  A$cursor_manager$155               cursor_manager
     00000BBD  A$cursor_manager$156               cursor_manager
     00000BBE  A$cursor_manager$157               cursor_manager
     00000BC1  A$cursor_manager$158               cursor_manager
     00000BC2  A$cursor_manager$162               cursor_manager
     00000BC2  C$cursor_manager.c$37$5$29         cursor_manager
     00000BC5  A$cursor_manager$163               cursor_manager
     00000BC7  A$cursor_manager$164               cursor_manager
     00000BC8  A$cursor_manager$165               cursor_manager
     00000BC9  A$cursor_manager$169               cursor_manager
     00000BC9  C$cursor_manager.c$38$5$29         cursor_manager
     00000BCC  A$cursor_manager$170               cursor_manager
     00000BCF  A$cursor_manager$171               cursor_manager
     00000BD0  A$cursor_manager$172               cursor_manager
     00000BD3  A$cursor_manager$176               cursor_manager
     00000BD3  C$cursor_manager.c$39$5$29         cursor_manager
     00000BD5  A$cursor_manager$177               cursor_manager
ASxxxx Linker V03.00 + NoICE + sdld,  page 23.
Hexadecimal  [32-Bits]

Area                                    Addr        Size        Decimal Bytes (Attributes)
--------------------------------        ----        ----        ------- ----- ------------
_CODE                               00000200    00001E2B =        7723. bytes (REL,CON)

      Value  Global                              Global Defined In Module
      -----  --------------------------------   ------------------------
     00000BD6  A$cursor_manager$178               cursor_manager
     00000BD7  A$cursor_manager$179               cursor_manager
     00000BDA  A$cursor_manager$180               cursor_manager
     00000BDB  A$cursor_manager$181               cursor_manager
     00000BDC  A$cursor_manager$182               cursor_manager
     00000BDD  A$cursor_manager$183               cursor_manager
[...]
     0000C125  _decompBuffer                      SMSlib_PSGaiden
ASxxxx Linker V03.00 + NoICE + sdld,  page 72.
Hexadecimal  [32-Bits]

Area                                    Addr        Size        Decimal Bytes (Attributes)
--------------------------------        ----        ----        ------- ----- ------------
_INITIALIZED                        0000C145    00000068 =         104. bytes (REL,CON)

      Value  Global                              Global Defined In Module
      -----  --------------------------------   ------------------------
     0000C145  Finput_manager$curr_joypad1$0$0    input_manager
     0000C147  Finput_manager$prev_joypad1$0$0    input_manager
     0000C149  G$cursor_album$0$0                 cursor_object
     0000C149  _cursor_album                      cursor_object
     0000C161  G$record_tiles_data$0$0            record_object
     0000C161  _record_tiles_data                 record_object
     0000C179  G$record_tilemap_data$0$0          record_object
     0000C179  _record_tilemap_data               record_object
     0000C191  G$record_palette_data$0$0          record_object
     0000C191  _record_palette_data               record_object
     0000C1A9  _VDPReg                            SMSlib
     0000C1AB  _spritesHeight                     SMSlib
     0000C1AC  _spritesWidth                      SMSlib

ASxxxx Linker V03.00 + NoICE + sdld,  page 73.
Hexadecimal  [32-Bits]

Area                                    Addr        Size        Decimal Bytes (Attributes)
--------------------------------        ----        ----        ------- ----- ------------
_BANK2                              00008000    00000880 =        2176. bytes (REL,CON)

      Value  Global                              Global Defined In Module
      -----  --------------------------------   ------------------------
     00008000  G$splash__palette__bin$0$0         bank2
     00008000  _splash__palette__bin              bank2
     00008010  G$splash__tilemap__stmcompr$0$0    bank2
     00008010  _splash__tilemap__stmcompr         bank2
     00008057  G$splash__tiles__psgcompr$0$0      bank2
     00008057  _splash__tiles__psgcompr           bank2
ASxxxx Linker V03.00 + NoICE + sdld,  page 74.
Hexadecimal  [32-Bits]

Area                                    Addr        Size        Decimal Bytes (Attributes)
--------------------------------        ----        ----        ------- ----- ------------
_BANK3                              00008000    00002587 =        9607. bytes (REL,CON)

      Value  Global                              Global Defined In Module
      -----  --------------------------------   ------------------------
     00008000  G$VanHalenTitleGap__palette__bin   bank3
     00008000  _VanHalenTitleGap__palette__bin    bank3
     00008010  G$VanHalenTitleGap__tilemap__stm   bank3
     00008010  _VanHalenTitleGap__tilemap__stmc   bank3
     00008077  G$VanHalenTitleGap__tiles__psgco   bank3
     00008077  _VanHalenTitleGap__tiles__psgcom   bank3
     000092D8  G$VanHalenTitleTop__palette__bin   bank3
     000092D8  _VanHalenTitleTop__palette__bin    bank3
     000092E8  G$VanHalenTitleTop__tilemap__stm   bank3
     000092E8  _VanHalenTitleTop__tilemap__stmc   bank3
     00009345  G$VanHalenTitleTop__tiles__psgco   bank3
     00009345  _VanHalenTitleTop__tiles__psgcom   bank3
ASxxxx Linker V03.00 + NoICE + sdld,  page 75.
Hexadecimal  [32-Bits]

Area                                    Addr        Size        Decimal Bytes (Attributes)
--------------------------------        ----        ----        ------- ----- ------------
_BANK4                              00008000    00001E61 =        7777. bytes (REL,CON)

      Value  Global                              Global Defined In Module
      -----  --------------------------------   ------------------------
     00008000  G$VanHalen1978__palette__bin$0$0   bank4
     00008000  _VanHalen1978__palette__bin        bank4
     00008010  G$VanHalen1978__tilemap__stmcomp   bank4
     00008010  _VanHalen1978__tilemap__stmcompr   bank4
     00008089  G$VanHalen1978__tiles__psgcompr$   bank4
     00008089  _VanHalen1978__tiles__psgcompr     bank4
ASxxxx Linker V03.00 + NoICE + sdld,  page 76.
Hexadecimal  [32-Bits]

Area                                    Addr        Size        Decimal Bytes (Attributes)
--------------------------------        ----        ----        ------- ----- ------------
_BANK5                              00008000    00001261 =        4705. bytes (REL,CON)

      Value  Global                              Global Defined In Module
      -----  --------------------------------   ------------------------
     00008000  G$VanHalen1979__palette__bin$0$0   bank5
     00008000  _VanHalen1979__palette__bin        bank5
     00008010  G$VanHalen1979__tilemap__stmcomp   bank5
     00008010  _VanHalen1979__tilemap__stmcompr   bank5
     00008132  G$VanHalen1979__tiles__psgcompr$   bank5
     00008132  _VanHalen1979__tiles__psgcompr     bank5
ASxxxx Linker V03.00 + NoICE + sdld,  page 77.
Hexadecimal  [32-Bits]

Area                                    Addr        Size        Decimal Bytes (Attributes)
--------------------------------        ----        ----        ------- ----- ------------
_BANK6                              00008000    00001BD0 =        7120. bytes (REL,CON)

      Value  Global                              Global Defined In Module
      -----  --------------------------------   ------------------------
     00008000  G$VanHalen1980__palette__bin$0$0   bank6
     00008000  _VanHalen1980__palette__bin        bank6
     00008010  G$VanHalen1980__tilemap__stmcomp   bank6
     00008010  _VanHalen1980__tilemap__stmcompr   bank6
     00008070  G$VanHalen1980__tiles__psgcompr$   bank6
     00008070  _VanHalen1980__tiles__psgcompr     bank6
ASxxxx Linker V03.00 + NoICE + sdld,  page 78.
Hexadecimal  [32-Bits]

Area                                    Addr        Size        Decimal Bytes (Attributes)
--------------------------------        ----        ----        ------- ----- ------------
_BANK7                              00008000    00002ED8 =       11992. bytes (REL,CON)

      Value  Global                              Global Defined In Module
      -----  --------------------------------   ------------------------
     00008000  G$VanHalen1981__palette__bin$0$0   bank7
     00008000  _VanHalen1981__palette__bin        bank7
     00008010  G$VanHalen1981__tilemap__stmcomp   bank7
     00008010  _VanHalen1981__tilemap__stmcompr   bank7
     0000809F  G$VanHalen1981__tiles__psgcompr$   bank7
     0000809F  _VanHalen1981__tiles__psgcompr     bank7
ASxxxx Linker V03.00 + NoICE + sdld,  page 79.
Hexadecimal  [32-Bits]

Area                                    Addr        Size        Decimal Bytes (Attributes)
--------------------------------        ----        ----        ------- ----- ------------
_BANK8                              00008000    00000F53 =        3923. bytes (REL,CON)

      Value  Global                              Global Defined In Module
      -----  --------------------------------   ------------------------
     00008000  G$VanHalen1982__palette__bin$0$0   bank8
     00008000  _VanHalen1982__palette__bin        bank8
     00008010  G$VanHalen1982__tilemap__stmcomp   bank8
     00008010  _VanHalen1982__tilemap__stmcompr   bank8
     00008118  G$VanHalen1982__tiles__psgcompr$   bank8
     00008118  _VanHalen1982__tiles__psgcompr     bank8
ASxxxx Linker V03.00 + NoICE + sdld,  page 80.
Hexadecimal  [32-Bits]

Area                                    Addr        Size        Decimal Bytes (Attributes)
--------------------------------        ----        ----        ------- ----- ------------
_BANK9                              00008000    00002145 =        8517. bytes (REL,CON)

      Value  Global                              Global Defined In Module
      -----  --------------------------------   ------------------------
     00008000  G$VanHalen1984__palette__bin$0$0   bank9
     00008000  _VanHalen1984__palette__bin        bank9
     00008010  G$VanHalen1984__tilemap__stmcomp   bank9
     00008010  _VanHalen1984__tilemap__stmcompr   bank9
     0000808D  G$VanHalen1984__tiles__psgcompr$   bank9
     0000808D  _VanHalen1984__tiles__psgcompr     bank9
ASxxxx Linker V03.00 + NoICE + sdld,  page 81.
Hexadecimal  [32-Bits]

Area                                    Addr        Size        Decimal Bytes (Attributes)
--------------------------------        ----        ----        ------- ----- ------------
_BANK10                             00008000    000024E4 =        9444. bytes (REL,CON)

      Value  Global                              Global Defined In Module
      -----  --------------------------------   ------------------------
     00008000  G$VanHalen1986__palette__bin$0$0   bank10
     00008000  _VanHalen1986__palette__bin        bank10
     00008010  G$VanHalen1986__tilemap__stmcomp   bank10
     00008010  _VanHalen1986__tilemap__stmcompr   bank10
     00008087  G$VanHalen1986__tiles__psgcompr$   bank10
     00008087  _VanHalen1986__tiles__psgcompr     bank10
ASxxxx Linker V03.00 + NoICE + sdld,  page 82.
Hexadecimal  [32-Bits]

Area                                    Addr        Size        Decimal Bytes (Attributes)
--------------------------------        ----        ----        ------- ----- ------------
_BANK11                             00008000    0000190A =        6410. bytes (REL,CON)

      Value  Global                              Global Defined In Module
      -----  --------------------------------   ------------------------
     00008000  G$VanHalen1988__palette__bin$0$0   bank11
     00008000  _VanHalen1988__palette__bin        bank11
     00008010  G$VanHalen1988__tilemap__stmcomp   bank11
     00008010  _VanHalen1988__tilemap__stmcompr   bank11
     00008067  G$VanHalen1988__tiles__psgcompr$   bank11
     00008067  _VanHalen1988__tiles__psgcompr     bank11
ASxxxx Linker V03.00 + NoICE + sdld,  page 83.
Hexadecimal  [32-Bits]

Area                                    Addr        Size        Decimal Bytes (Attributes)
--------------------------------        ----        ----        ------- ----- ------------
_BANK12                             00008000    00003021 =       12321. bytes (REL,CON)

      Value  Global                              Global Defined In Module
      -----  --------------------------------   ------------------------
     00008000  G$VanHalen1991__palette__bin$0$0   bank12
     00008000  _VanHalen1991__palette__bin        bank12
     00008010  G$VanHalen1991__tilemap__stmcomp   bank12
     00008010  _VanHalen1991__tilemap__stmcompr   bank12
     00008067  G$VanHalen1991__tiles__psgcompr$   bank12
     00008067  _VanHalen1991__tiles__psgcompr     bank12
ASxxxx Linker V03.00 + NoICE + sdld,  page 84.
Hexadecimal  [32-Bits]

Area                                    Addr        Size        Decimal Bytes (Attributes)
--------------------------------        ----        ----        ------- ----- ------------
_BANK13                             00008000    0000264E =        9806. bytes (REL,CON)

      Value  Global                              Global Defined In Module
      -----  --------------------------------   ------------------------
     00008000  G$VanHalen1995__palette__bin$0$0   bank13
     00008000  _VanHalen1995__palette__bin        bank13
     00008010  G$VanHalen1995__tilemap__stmcomp   bank13
     00008010  _VanHalen1995__tilemap__stmcompr   bank13
     0000809F  G$VanHalen1995__tiles__psgcompr$   bank13
     0000809F  _VanHalen1995__tiles__psgcompr     bank13
ASxxxx Linker V03.00 + NoICE + sdld,  page 85.
Hexadecimal  [32-Bits]

Area                                    Addr        Size        Decimal Bytes (Attributes)
--------------------------------        ----        ----        ------- ----- ------------
_BANK14                             00008000    00001C3A =        7226. bytes (REL,CON)

      Value  Global                              Global Defined In Module
      -----  --------------------------------   ------------------------
     00008000  G$VanHalen1998__palette__bin$0$0   bank14
     00008000  _VanHalen1998__palette__bin        bank14
     00008010  G$VanHalen1998__tilemap__stmcomp   bank14
     00008010  _VanHalen1998__tilemap__stmcompr   bank14
     000080C7  G$VanHalen1998__tiles__psgcompr$   bank14
     000080C7  _VanHalen1998__tiles__psgcompr     bank14
ASxxxx Linker V03.00 + NoICE + sdld,  page 86.
Hexadecimal  [32-Bits]

Area                                    Addr        Size        Decimal Bytes (Attributes)
--------------------------------        ----        ----        ------- ----- ------------
_BANK15                             00008000    00002508 =        9480. bytes (REL,CON)

      Value  Global                              Global Defined In Module
      -----  --------------------------------   ------------------------
     00008000  G$VanHalen2012__palette__bin$0$0   bank15
     00008000  _VanHalen2012__palette__bin        bank15
     00008010  G$VanHalen2012__tilemap__stmcomp   bank15
     00008010  _VanHalen2012__tilemap__stmcompr   bank15
     0000807A  G$VanHalen2012__tiles__psgcompr$   bank15
     0000807A  _VanHalen2012__tiles__psgcompr     bank15
ASxxxx Linker V03.00 + NoICE + sdld,  page 87.
Hexadecimal  [32-Bits]

Area                                    Addr        Size        Decimal Bytes (Attributes)
--------------------------------        ----        ----        ------- ----- ------------
_CABS0                              00000000    00000010 =          16. bytes (ABS,CON)

      Value  Global                              Global Defined In Module
      -----  --------------------------------   ------------------------
     00007FF0  G$__SMS__SEGA_signature$0$0        _sms_manager
     00007FF0  ___SMS__SEGA_signature             _sms_manager

ASxxxx Linker V03.00 + NoICE + sdld,  page 88.
Hexadecimal  [32-Bits]

Area                                    Addr        Size        Decimal Bytes (Attributes)
--------------------------------        ----        ----        ------- ----- ------------
_CABS1                              00000000    0000000E =          14. bytes (ABS,CON)

      Value  Global                              Global Defined In Module
      -----  --------------------------------   ------------------------
     00007FD2  G$__SMS__SDSC_author$0$0           _sms_manager
     00007FD2  ___SMS__SDSC_author                _sms_manager

ASxxxx Linker V03.00 + NoICE + sdld,  page 89.
Hexadecimal  [32-Bits]

Area                                    Addr        Size        Decimal Bytes (Attributes)
--------------------------------        ----        ----        ------- ----- ------------
_CABS2                              00000000    0000000A =          10. bytes (ABS,CON)

      Value  Global                              Global Defined In Module
      -----  --------------------------------   ------------------------
     00007FC8  G$__SMS__SDSC_name$0$0             _sms_manager
     00007FC8  ___SMS__SDSC_name                  _sms_manager

ASxxxx Linker V03.00 + NoICE + sdld,  page 90.
Hexadecimal  [32-Bits]

Area                                    Addr        Size        Decimal Bytes (Attributes)
--------------------------------        ----        ----        ------- ----- ------------
_CABS3                              00000000    0000003C =          60. bytes (ABS,CON)

      Value  Global                              Global Defined In Module
      -----  --------------------------------   ------------------------
     00007F8C  G$__SMS__SDSC_descr$0$0            _sms_manager
     00007F8C  ___SMS__SDSC_descr                 _sms_manager

ASxxxx Linker V03.00 + NoICE + sdld,  page 91.
Hexadecimal  [32-Bits]

Area                                    Addr        Size        Decimal Bytes (Attributes)
--------------------------------        ----        ----        ------- ----- ------------
_CABS4                              00000000    00000010 =          16. bytes (ABS,CON)

      Value  Global                              Global Defined In Module
      -----  --------------------------------   ------------------------
     00007FE0  G$__SMS__SDSC_signature$0$0        _sms_manager
     00007FE0  ___SMS__SDSC_signature             _sms_manager

ASxxxx Linker V03.00 + NoICE + sdld,  page 92.

Files Linked                              [ module(s) ]

..\crt0\crt0_sms.rel                      [ crt0 ]
main.rel                                  [ main ]
..\lib\PSGlib.rel                         [ PSGlib ]
banks\bank2.rel                           [ bank2 ]
banks\bank3.rel                           [ bank3 ]
banks\bank4.rel                           [ bank4 ]
banks\bank5.rel                           [ bank5 ]
banks\bank6.rel                           [ bank6 ]
banks\bank7.rel                           [ bank7 ]
banks\bank8.rel                           [ bank8 ]
banks\bank9.rel                           [ bank9 ]
banks\bank10.rel                          [ bank10 ]
banks\bank11.rel                          [ bank11 ]
banks\bank12.rel                          [ bank12 ]
banks\bank13.rel                          [ bank13 ]
banks\bank14.rel                          [ bank14 ]
banks\bank15.rel                          [ bank15 ]
devkit\_sms_manager.rel                   [ _sms_manager ]
devkit\_snd_manager.rel                   [ _snd_manager ]
engine\asm_manager.rel                    [ asm_manager ]
engine\audio_manager.rel                  [ audio_manager ]
engine\content_manager.rel                [ content_manager ]
engine\cursor_manager.rel                 [ cursor_manager ]
engine\enum_manager.rel                   [ enum_manager ]
engine\font_manager.rel                   [ font_manager ]
engine\input_manager.rel                  [ input_manager ]
engine\locale_manager.rel                 [ locale_manager ]
engine\record_manager.rel                 [ record_manager ]
engine\screen_manager.rel                 [ screen_manager ]
engine\scroll_manager.rel                 [ scroll_manager ]
engine\storage_manager.rel                [ storage_manager ]
engine\timer_manager.rel                  [ timer_manager ]
object\cursor_object.rel                  [ cursor_object ]
object\record_object.rel                  [ record_object ]
object\scroll_object.rel                  [ scroll_object ]
object\storage_object.rel                 [ storage_object ]
object\timer_object.rel                   [ timer_object ]
screen\none_screen.rel                    [ none_screen ]
screen\splash_screen.rel                  [ splash_screen ]
screen\title_screen.rel                   [ title_screen ]
screen\scroll_screen.rel                  [ scroll_screen ]
screen\select_screen.rel                  [ select_screen ]
screen\record_screen.rel                  [ record_screen ]
gfx.rel                                   [ gfx ]
psg.rel                                   [ psg ]


Libraries Linked                          [ object file ]

C:\Program Files\SDCC\bin\..\lib\z80/z80.lib
                                          [ divunsigned.rel ]
..\lib\SMSlib.lib                         [ SMSlib_UNSAFE.rel ]
..\lib\SMSlib.lib                         [ SMSlib.rel ]
C:\Program Files\SDCC\bin\..\lib\z80/z80.lib
                                          [ modunsigned.rel ]
..\lib\SMSlib.lib                         [ SMSlib_STMcomp.rel ]
C:\Program Files\SDCC\bin\..\lib\z80/z80.lib
                                          [ __sdcc_call_hl.rel ]
..\lib\SMSlib.lib                         [ SMSlib_PSGaiden.rel ]

ASxxxx Linker V03.00 + NoICE + sdld,  page 93.

User Base Address Definitions

_CODE = 0x0200
_DATA = 0xc000
_BANK2=0x8000
_BANK3=0x8000
_BANK4=0x8000
_BANK5=0x8000
_BANK6=0x8000
_BANK7=0x8000
_BANK8=0x8000
_BANK9=0x8000
_BANK10=0x8000
_BANK11=0x8000
_BANK12=0x8000
_BANK13=0x8000
_BANK14=0x8000
_BANK15=0x8000

